Microchip MPLAB XC8 Compiler V2.41

Linker command line:

-W-3 \
  --edf=C:/Program Files/Microchip/MPLABX/v6.10/packs/Microchip/PIC18Fxxxx_DFP/1.4.151/xc8\pic\dat\20230323171731_en.msgs \
  -cn -h+dist/default/debug\Trrafic_Light.X.debug.sym \
  --cmf=dist/default/debug\Trrafic_Light.X.debug.cmf -z -Q18F4620 \
  -oC:\Users\AHMEDY~1\AppData\Local\Temp\xcAs6qc.\driver_tmp_3.o \
  --defsym=__MPLAB_BUILD=1 --fixupoverflow=error \
  -Mdist/default/debug/Trrafic_Light.X.debug.map \
  --md=C:\Users\AHMEDY~1\AppData\Local\Temp\xcAs6qc.\driver_tmp_0.dat -E1 \
  -ver=XC8 Compiler --acfsm=1493 -ACODE=00h-0FFFFh -ACONST=00h-0FFFFh \
  -ASMALLCONST=01000h-010FFhx240 -AMEDIUMCONST=01000h-0FFFFh \
  -ACOMRAM=01h-07Fh -AABS1=00h-0F7Fh -ABIGRAM=01h-0F7Fh \
  -ARAM=080h-0FFh,0100h-01FFhx14,0F00h-0F7Fh -ABANK0=080h-0FFh \
  -ABANK1=0100h-01FFh -ABANK2=0200h-02FFh -ABANK3=0300h-03FFh \
  -ABANK4=0400h-04FFh -ABANK5=0500h-05FFh -ABANK6=0600h-06FFh \
  -ABANK7=0700h-07FFh -ABANK8=0800h-08FFh -ABANK9=0900h-09FFh \
  -ABANK10=0A00h-0AFFh -ABANK11=0B00h-0BFFh -ABANK12=0C00h-0CFFh \
  -ABANK13=0D00h-0DFFh -ABANK14=0E00h-0EFFh -ABANK15=0F00h-0F7Fh \
  -ASFR=0F80h-0FFFh -ABIGSFR=0F80h-0FFFh -ACONFIG=0300000h-030000Dh \
  -AIDLOC=0200000h-0200007h -AEEDATA=0F00000h-0F003FFh -peeprom_data=EEDATA \
  -preset_vec=00h,intcode,intcodelo,powerup,init -pramtop=01000h \
  -psmallconst=SMALLCONST -pmediumconst=MEDIUMCONST -pconst=CONST \
  -AFARRAM=00h-00h \
  -prdata=COMRAM,nvrram=COMRAM,nvbit=COMRAM,rbss=COMRAM,rbit=COMRAM \
  -pfarbss=FARRAM,fardata=FARRAM,nvFARRAM=FARRAM \
  -pintsave_regs=BIGRAM,bigbss=BIGRAM,bigdata=BIGRAM -pbss=RAM \
  -pidata=CODE,irdata=CODE,ibigdata=CODE,ifardata=CODE -prparam=COMRAM \
  C:\Users\AHMEDY~1\AppData\Local\Temp\xcAs6qc.\driver_tmp_9.o \
  dist/default/debug\Trrafic_Light.X.debug.o 

Object code version is 3.11

Machine type is 18F4620



                Name                               Link     Load   Length Selector   Space Scale
C:\Users\AHMEDY~1\AppData\Local\Temp\xcAs6qc.\driver_tmp_9.o
                config                           300000   300000        E        0       4
                init                                  0        0        4        0       0
dist/default/debug\Trrafic_Light.X.debug.o
                config                           300000   300000        E        0       4
                smallconst                         1000     1000       1A      800       0
                text18                             15C8     15C8      11E      80D       0
                text17                             1A98     1A98       76      80D       0
                text16                             1A22     1A22       76      80D       0
                text15                             17B0     17B0       C4      80D       0
                text14                             1874     1874       B0      80D       0
                text13                             1384     1384      124      80D       0
                text12                             1C64     1C64       6C      80D       0
                text11                             1BF2     1BF2       72      80D       0
                text10                             1DE4     1DE4       4E      80D       0
                text9                              1924     1924       88      80D       0
                text8                              1B80     1B80       72      80D       0
                text7                              14A8     14A8      120      80D       0
                text6                              1D90     1D90       54      80D       0
                text5                              1D3A     1D3A       56      80D       0
                text4                              19AC     19AC       76      80D       0
                text3                              16E6     16E6       CA      80D       0
                text2                              1B0E     1B0E       72      80D       0
                text1                              1CD0     1CD0       6A      80D       0
                text0                              101A     101A      36A      80D       0
                cstackCOMRAM                         2E       2E       24        1       1
                dataCOMRAM                            1        1       2D        1       1
                bssCOMRAM                            52       52       1C        1       1
                cinit                              1E32     1E32       3A      80D       0
                idataCOMRAM                        1E6C     1E6C       2D      80D       0

TOTAL           Name                               Link     Load   Length     Space
        CLASS   CODE           
                init                                  0        0        4         0
                text18                             15C8     15C8      11E         0
                text17                             1A98     1A98       76         0
                text16                             1A22     1A22       76         0
                text15                             17B0     17B0       C4         0
                text14                             1874     1874       B0         0
                text13                             1384     1384      124         0
                text12                             1C64     1C64       6C         0
                text11                             1BF2     1BF2       72         0
                text10                             1DE4     1DE4       4E         0
                text9                              1924     1924       88         0
                text8                              1B80     1B80       72         0
                text7                              14A8     14A8      120         0
                text6                              1D90     1D90       54         0
                text5                              1D3A     1D3A       56         0
                text4                              19AC     19AC       76         0
                text3                              16E6     16E6       CA         0
                text2                              1B0E     1B0E       72         0
                text1                              1CD0     1CD0       6A         0
                text0                              101A     101A      36A         0
                cinit                              1E32     1E32       3A         0
                idataCOMRAM                        1E6C     1E6C       2D         0

        CLASS   CONST          

        CLASS   SMALLCONST     
                smallconst                         1000     1000       1A         0

        CLASS   MEDIUMCONST    

        CLASS   COMRAM         
                cstackCOMRAM                         2E       2E       24         1
                dataCOMRAM                            1        1       2D         1
                bssCOMRAM                            52       52       1C         1

        CLASS   ABS1           

        CLASS   BIGRAM         

        CLASS   RAM            

        CLASS   BANK0          

        CLASS   BANK1          

        CLASS   BANK2          

        CLASS   BANK3          

        CLASS   BANK4          

        CLASS   BANK5          

        CLASS   BANK6          

        CLASS   BANK7          

        CLASS   BANK8          

        CLASS   BANK9          

        CLASS   BANK10         

        CLASS   BANK11         

        CLASS   BANK12         

        CLASS   BANK13         

        CLASS   BANK14         

        CLASS   BANK15         

        CLASS   SFR            

        CLASS   BIGSFR         

        CLASS   CONFIG         
                config                           300000   300000        E         4

        CLASS   IDLOC          

        CLASS   EEDATA         

        CLASS   FARRAM         

        CLASS   HEAP           

        CLASS   STACK          



SEGMENTS        Name                           Load    Length   Top    Selector   Space  Class

                reset_vec                      000000  000004  000004         0       0  CODE    
                dataCOMRAM                     000001  00006D  00006E         1       1  COMRAM  
                smallconst                     001000  00001A  00101A       800       0  SMALLCON
                text0                          00101A  000E7F  001E99       80D       0  CODE    


UNUSED ADDRESS RANGES

        Name                Unused          Largest block    Delta
        BANK0            000080-0000FF               80
        BANK1            000100-0001FF              100
        BANK10           000A00-000AFF              100
        BANK11           000B00-000BFF              100
        BANK12           000C00-000CFF              100
        BANK13           000D00-000DFF              100
        BANK14           000E00-000EFF              100
        BANK15           000F00-000F7F               80
        BANK2            000200-0002FF              100
        BANK3            000300-0003FF              100
        BANK4            000400-0004FF              100
        BANK5            000500-0005FF              100
        BANK6            000600-0006FF              100
        BANK7            000700-0007FF              100
        BANK8            000800-0008FF              100
        BANK9            000900-0009FF              100
        BIGRAM           00006E-000F7F              F12
        BIGSFR           000F80-000FFF               80
        CODE             000004-000FFF              FFC
                         001E99-00FFFF             E167
        COMRAM           00006E-00007F               12
        CONST            000004-000FFF              FFC
                         001E99-00FFFF             E167
        EEDATA           F00000-F003FF              400
        IDLOC            200000-200007                8
        MEDIUMCONST      001E99-00FFFF             E167
        RAM              000080-000F7F              100
        SFR              000F80-000FFF               80
        SMALLCONST       001E99-00FFFF              100

                                  Symbol Table

?___awdiv                               cstackCOMRAM 00002E
?___awmod                               cstackCOMRAM 00002E
Led_Toggle@F3063                        bssCOMRAM    000069
Led_Turn_Off@F3058                      bssCOMRAM    00006A
Led_Turn_Off@led                        cstackCOMRAM 000038
Led_Turn_Off@led_pin                    cstackCOMRAM 00003B
Led_Turn_On@F3053                       bssCOMRAM    00006B
Led_Turn_On@led                         cstackCOMRAM 000038
Led_Turn_On@led_pin                     cstackCOMRAM 00003B
Led_initialize@F3048                    bssCOMRAM    00006C
Led_initialize@led                      cstackCOMRAM 00003C
Led_initialize@led_pin                  cstackCOMRAM 00003F
_LATA                                   (abs)        000F89
_LATB                                   (abs)        000F8A
_LATC                                   (abs)        000F8B
_LATD                                   (abs)        000F8C
_LATE                                   (abs)        000F8D
_Led_Turn_Off                           text17       001A98
_Led_Turn_On                            text16       001A22
_Led_initialize                         text11       001BF2
_PORTA                                  (abs)        000F80
_PORTB                                  (abs)        000F81
_PORTC                                  (abs)        000F82
_PORTD                                  (abs)        000F83
_PORTE                                  (abs)        000F84
_TRISA                                  (abs)        000F92
_TRISB                                  (abs)        000F93
_TRISC                                  (abs)        000F94
_TRISD                                  (abs)        000F95
_TRISE                                  (abs)        000F96
__HRAM                                  (abs)        000000
__H__absolute__                         __absolute__ 000000
__Habs1                                 abs1         000000
__Hbank0                                bank0        000000
__Hbank1                                bank1        000000
__Hbank10                               bank10       000000
__Hbank11                               bank11       000000
__Hbank12                               bank12       000000
__Hbank13                               bank13       000000
__Hbank14                               bank14       000000
__Hbank15                               bank15       000000
__Hbank2                                bank2        000000
__Hbank3                                bank3        000000
__Hbank4                                bank4        000000
__Hbank5                                bank5        000000
__Hbank6                                bank6        000000
__Hbank7                                bank7        000000
__Hbank8                                bank8        000000
__Hbank9                                bank9        000000
__Hbigbss                               bigbss       000000
__Hbigdata                              bigdata      000000
__Hbigram                               bigram       000000
__Hbigsfr                               bigsfr       000000
__Hbss                                  bss          000000
__HbssCOMRAM                            bssCOMRAM    000000
__Hcinit                                cinit        000000
__Hclrtext                              clrtext      000000
__Hcomram                               comram       000000
__Hconfig                               config       30000E
__Hconst                                const        000000
__HcstackCOMRAM                         cstackCOMRAM 000000
__Hdata                                 data         000000
__HdataCOMRAM                           dataCOMRAM   000000
__Heeprom_data                          eeprom_data  000000
__Hfarbss                               farbss       000000
__Hfardata                              fardata      000000
__Hheap                                 heap         000000
__Hibigdata                             ibigdata     000000
__Hidata                                idata        000000
__HidataCOMRAM                          idataCOMRAM  000000
__Hidloc                                idloc        000000
__Hifardata                             ifardata     000000
__Hinit                                 init         000004
__Hintcode                              intcode      000000
__Hintcode_body                         intcode_body 000000
__Hintcodelo                            intcodelo    000000
__Hintentry                             intentry     000000
__Hintret                               intret       000000
__Hintsave_regs                         intsave_regs 000000
__Hirdata                               irdata       000000
__Hmediumconst                          mediumconst  000000
__HnvFARRAM                             nvFARRAM     000000
__Hnvbit                                nvbit        000000
__Hnvrram                               nvrram       000000
__Hparam                                rparam       000000
__Hpowerup                              powerup      000000
__Hram                                  ram          000000
__Hramtop                               ramtop       001000
__Hrbit                                 rbit         000000
__Hrbss                                 rbss         000000
__Hrdata                                rdata        000000
__Hreset_vec                            reset_vec    000000
__Hrparam                               rparam       000000
__Hsfr                                  sfr          000000
__Hsmallconst                           smallconst   00101A
__Hspace_0                              (abs)        001E99
__Hspace_1                              (abs)        00006E
__Hspace_2                              (abs)        000000
__Hspace_4                              (abs)        60000E
__Hstack                                stack        000000
__Hstruct                               struct       000000
__Htemp                                 temp         000000
__Htext                                 text         000000
__Htext0                                text0        000000
__Htext1                                text1        000000
__Htext10                               text10       000000
__Htext11                               text11       000000
__Htext12                               text12       000000
__Htext13                               text13       000000
__Htext14                               text14       000000
__Htext15                               text15       000000
__Htext16                               text16       000000
__Htext17                               text17       000000
__Htext18                               text18       000000
__Htext2                                text2        000000
__Htext3                                text3        000000
__Htext4                                text4        000000
__Htext5                                text5        000000
__Htext6                                text6        000000
__Htext7                                text7        000000
__Htext8                                text8        000000
__Htext9                                text9        000000
__LRAM                                  (abs)        000001
__L__absolute__                         __absolute__ 000000
__Labs1                                 abs1         000000
__Lbank0                                bank0        000000
__Lbank1                                bank1        000000
__Lbank10                               bank10       000000
__Lbank11                               bank11       000000
__Lbank12                               bank12       000000
__Lbank13                               bank13       000000
__Lbank14                               bank14       000000
__Lbank15                               bank15       000000
__Lbank2                                bank2        000000
__Lbank3                                bank3        000000
__Lbank4                                bank4        000000
__Lbank5                                bank5        000000
__Lbank6                                bank6        000000
__Lbank7                                bank7        000000
__Lbank8                                bank8        000000
__Lbank9                                bank9        000000
__Lbigbss                               bigbss       000000
__Lbigdata                              bigdata      000000
__Lbigram                               bigram       000000
__Lbigsfr                               bigsfr       000000
__Lbss                                  bss          000000
__LbssCOMRAM                            bssCOMRAM    000000
__Lcinit                                cinit        000000
__Lclrtext                              clrtext      000000
__Lcomram                               comram       000000
__Lconfig                               config       000000
__Lconst                                const        000000
__LcstackCOMRAM                         cstackCOMRAM 000000
__Ldata                                 data         000000
__LdataCOMRAM                           dataCOMRAM   000000
__Leeprom_data                          eeprom_data  000000
__Lfarbss                               farbss       000000
__Lfardata                              fardata      000000
__Lheap                                 heap         000000
__Libigdata                             ibigdata     000000
__Lidata                                idata        000000
__LidataCOMRAM                          idataCOMRAM  000000
__Lidloc                                idloc        000000
__Lifardata                             ifardata     000000
__Linit                                 init         000000
__Lintcode                              intcode      000000
__Lintcode_body                         intcode_body 000000
__Lintcodelo                            intcodelo    000000
__Lintentry                             intentry     000000
__Lintret                               intret       000000
__Lintsave_regs                         intsave_regs 000000
__Lirdata                               irdata       000000
__Lmediumconst                          mediumconst  000000
__LnvFARRAM                             nvFARRAM     000000
__Lnvbit                                nvbit        000000
__Lnvrram                               nvrram       000000
__Lparam                                rparam       000000
__Lpowerup                              powerup      000000
__Lram                                  ram          000000
__Lramtop                               ramtop       001000
__Lrbit                                 rbit         000000
__Lrbss                                 rbss         000000
__Lrdata                                rdata        000000
__Lreset_vec                            reset_vec    000000
__Lrparam                               rparam       000000
__Lsfr                                  sfr          000000
__Lsmallconst                           smallconst   001000
__Lspace_0                              (abs)        000000
__Lspace_1                              (abs)        000000
__Lspace_2                              (abs)        000000
__Lspace_4                              (abs)        000000
__Lstack                                stack        000000
__Lstruct                               struct       000000
__Ltemp                                 temp         000000
__Ltext                                 text         000000
__Ltext0                                text0        000000
__Ltext1                                text1        000000
__Ltext10                               text10       000000
__Ltext11                               text11       000000
__Ltext12                               text12       000000
__Ltext13                               text13       000000
__Ltext14                               text14       000000
__Ltext15                               text15       000000
__Ltext16                               text16       000000
__Ltext17                               text17       000000
__Ltext18                               text18       000000
__Ltext2                                text2        000000
__Ltext3                                text3        000000
__Ltext4                                text4        000000
__Ltext5                                text5        000000
__Ltext6                                text6        000000
__Ltext7                                text7        000000
__Ltext8                                text8        000000
__Ltext9                                text9        000000
__S0                                    (abs)        001E99
__S1                                    (abs)        00006E
__S4                                    (abs)        000000
__S5                                    (abs)        000000
___awdiv                                text15       0017B0
___awdiv@counter                        cstackCOMRAM 000032
___awdiv@dividend                       cstackCOMRAM 00002E
___awdiv@divisor                        cstackCOMRAM 000030
___awdiv@quotient                       cstackCOMRAM 000034
___awdiv@sign                           cstackCOMRAM 000033
___awmod                                text14       001874
___awmod@counter                        cstackCOMRAM 000032
___awmod@dividend                       cstackCOMRAM 00002E
___awmod@divisor                        cstackCOMRAM 000030
___awmod@sign                           cstackCOMRAM 000033
___heap_hi                              (abs)        000000
___heap_lo                              (abs)        000000
___inthi_sp                             stack        000000
___intlo_sp                             stack        000000
___param_bank                           (abs)        000000
___rparam_used                          (abs)        000001
___sp                                   stack        000000
__accesstop                             (abs)        000080
__activetblptr                          (abs)        000001
__end_of_Led_Turn_Off                   text17       001B0E
__end_of_Led_Turn_On                    text16       001A98
__end_of_Led_initialize                 text11       001C64
__end_of___awdiv                        text15       001874
__end_of___awmod                        text14       001924
__end_of__initialization                cinit        001E5E
__end_of_application_initialize         text5        001D90
__end_of_gpio_pin_direction_intialize   text13       0014A8
__end_of_gpio_pin_intialize             text12       001CD0
__end_of_gpio_pin_write_logic           text18       0016E6
__end_of_lcd_4_bit_set_cursor           text3        0017B0
__end_of_lcd_pins_4_initialize          text7        0015C8
__end_of_main                           text0        001384
__end_of_segment_pin_initialize         text6        001DE4
__end_of_segment_write_number           text4        001A22
__end_of_send_4_bit_char_data           text2        001B80
__end_of_send_4_bit_command             text8        001BF2
__end_of_send_4_bit_enable              text10       001E32
__end_of_send_4_bit_help                text9        0019AC
__end_of_send_4_bit_string_data_pos     text1        001D3A
__initialization                        cinit        001E32
__mediumconst                           mediumconst  000000
__pbssCOMRAM                            bssCOMRAM    000052
__pcinit                                cinit        001E32
__pcstackCOMRAM                         cstackCOMRAM 00002E
__pdataCOMRAM                           dataCOMRAM   000001
__pidataCOMRAM                          idataCOMRAM  001E6C
__psmallconst                           smallconst   001000
__ptext0                                text0        00101A
__ptext1                                text1        001CD0
__ptext10                               text10       001DE4
__ptext11                               text11       001BF2
__ptext12                               text12       001C64
__ptext13                               text13       001384
__ptext14                               text14       001874
__ptext15                               text15       0017B0
__ptext16                               text16       001A22
__ptext17                               text17       001A98
__ptext18                               text18       0015C8
__ptext2                                text2        001B0E
__ptext3                                text3        0016E6
__ptext4                                text4        0019AC
__ptext5                                text5        001D3A
__ptext6                                text6        001D90
__ptext7                                text7        0014A8
__ptext8                                text8        001B80
__ptext9                                text9        001924
__ramtop                                ramtop       001000
__smallconst                            smallconst   001000
_application_initialize                 text5        001D3A
_gpio_pin_direction_intialize           text13       001384
_gpio_pin_intialize                     text12       001C64
_gpio_pin_write_logic                   text18       0015C8
_lat_reg                                dataCOMRAM   00000B
_lcd_4_bit_set_cursor                   text3        0016E6
_lcd_4bit                               dataCOMRAM   00001F
_lcd_pins_4_initialize                  text7        0014A8
_led_green                              bssCOMRAM    00006D
_led_red                                dataCOMRAM   00002C
_led_yellow                             dataCOMRAM   00002D
_main                                   text0        00101A
_port_reg                               dataCOMRAM   000001
_segment_1                              dataCOMRAM   000025
_segment_enable_1                       dataCOMRAM   00002B
_segment_enable_2                       dataCOMRAM   00002A
_segment_pin_initialize                 text6        001D90
_segment_write_number                   text4        0019AC
_send_4_bit_char_data                   text2        001B0E
_send_4_bit_command                     text8        001B80
_send_4_bit_enable                      text10       001DE4
_send_4_bit_help                        text9        001924
_send_4_bit_string_data_pos             text1        001CD0
_t_delay                                bssCOMRAM    000067
_tris_reg                               dataCOMRAM   000015
_x                                      bssCOMRAM    000068
end_of_initialization                   cinit        001E5E
gpio_pin_direction_intialize@Pin_Config cstackCOMRAM 00002E
gpio_pin_direction_intialize@ret        cstackCOMRAM 000036
gpio_pin_intialize@Pin_Config           cstackCOMRAM 000038
gpio_pin_intialize@ret                  cstackCOMRAM 00003B
gpio_pin_write_logic@Pin_Config         cstackCOMRAM 00002E
gpio_pin_write_logic@logic              cstackCOMRAM 000030
gpio_pin_write_logic@ret                cstackCOMRAM 000037
intlevel0                               text         000000
intlevel1                               text         000000
intlevel2                               text         000000
intlevel3                               text         000000
isa$std                                 (abs)        000001
isa$xinst                               (abs)        000000
lcd_4_bit_set_cursor@column             cstackCOMRAM 000043
lcd_4_bit_set_cursor@lcd                cstackCOMRAM 000040
lcd_4_bit_set_cursor@ret                cstackCOMRAM 000044
lcd_4_bit_set_cursor@row                cstackCOMRAM 000042
lcd_pins_4_initialize@cnt_pin           cstackCOMRAM 000045
lcd_pins_4_initialize@lcd               cstackCOMRAM 000040
lcd_pins_4_initialize@ret               cstackCOMRAM 000044
main@G                                  cstackCOMRAM 000050
main@R                                  cstackCOMRAM 00004F
main@Y                                  cstackCOMRAM 000051
main@i                                  cstackCOMRAM 00004C
main@i_659                              cstackCOMRAM 00004D
main@i_661                              cstackCOMRAM 00004E
segment_pin_initialize@segment          cstackCOMRAM 00003C
segment_write_number@num                cstackCOMRAM 00003A
segment_write_number@segment            cstackCOMRAM 000038
send_4_bit_char_data@data               cstackCOMRAM 00003E
send_4_bit_char_data@lcd                cstackCOMRAM 00003C
send_4_bit_char_data@ret                cstackCOMRAM 00003F
send_4_bit_command@command              cstackCOMRAM 00003E
send_4_bit_command@lcd                  cstackCOMRAM 00003C
send_4_bit_command@ret                  cstackCOMRAM 00003F
send_4_bit_enable@lcd                   cstackCOMRAM 000038
send_4_bit_enable@ret                   cstackCOMRAM 00003A
send_4_bit_help@data_command            cstackCOMRAM 00003A
send_4_bit_help@lcd                     cstackCOMRAM 000038
send_4_bit_help@ret                     cstackCOMRAM 00003B
send_4_bit_string_data_pos@column       cstackCOMRAM 000048
send_4_bit_string_data_pos@data         cstackCOMRAM 000049
send_4_bit_string_data_pos@lcd          cstackCOMRAM 000045
send_4_bit_string_data_pos@row          cstackCOMRAM 000047
stackhi                                 (abs)        000000
stacklo                                 (abs)        000000
start                                   init         000000
start_initialization                    cinit        001E32


MODULE INFORMATION

Module		Function		Class		Link	Load	Size
C:\Program Files\Microchip\xc8\v2.41\pic\sources\c99\common\awmod.c
		___awmod       		CODE           	1874	0000	176

C:\Program Files\Microchip\xc8\v2.41\pic\sources\c99\common\awmod.c estimated size: 176

ECU_layer/LCD/ecu_lcd.c
		_send_4_bit_string_data_pos		CODE           	1CD0	0000	106
		_lcd_4_bit_set_cursor		CODE           	16E6	0000	202
		_send_4_bit_enable		CODE           	1DE4	0000	78
		_lcd_pins_4_initialize		CODE           	14A8	0000	288
		_send_4_bit_command		CODE           	1B80	0000	114
		_send_4_bit_char_data		CODE           	1B0E	0000	114
		_send_4_bit_help		CODE           	1924	0000	136

ECU_layer/LCD/ecu_lcd.c estimated size: 1038

C:\Program Files\Microchip\xc8\v2.41\pic\sources\c99\common\awdiv.c
		___awdiv       		CODE           	17B0	0000	196

C:\Program Files\Microchip\xc8\v2.41\pic\sources\c99\common\awdiv.c estimated size: 196

ECU_layer/7-Segment/ecu_7_segment.c
		_segment_pin_initialize		CODE           	1D90	0000	84
		_segment_write_number		CODE           	19AC	0000	118

ECU_layer/7-Segment/ecu_7_segment.c estimated size: 202

shared
		__initialization		CODE           	1E32	0000	44

shared estimated size: 44

ECU_layer/LED/ecu_led.c
		_Led_Turn_On   		CODE           	1A22	0000	118
		_Led_Turn_Off  		CODE           	1A98	0000	118
		_Led_initialize		CODE           	1BF2	0000	114

ECU_layer/LED/ecu_led.c estimated size: 350

MCAL_layer/GPIO/gpio.c
		_gpio_pin_write_logic		CODE           	15C8	0000	286
		_gpio_pin_intialize		CODE           	1C64	0000	108
		_gpio_pin_direction_intialize		CODE           	1384	0000	292

MCAL_layer/GPIO/gpio.c estimated size: 686

Traffic_Light.c
		_application_initialize		CODE           	1D3A	0000	86
		_main          		CODE           	101A	0000	874

Traffic_Light.c estimated size: 960

